<?php return array (
  0 => 'Symfony\\Bundle\\FrameworkBundle\\Controller\\Controller',
  1 => 'AppBundle\\Controller\\DefaultController',
  2 => 'AppBundle\\Controller\\HomeController',
  3 => 'AppBundle\\Entity\\Page',
  4 => 'Doctrine\\Bundle\\DoctrineBundle\\Controller\\ProfilerController',
  5 => 'Medust\\AdminBundle\\Controller\\DefaultController',
  6 => 'Symfony\\Bundle\\AsseticBundle\\Controller\\AssetCacheKeyFilter',
  7 => 'Symfony\\Bundle\\AsseticBundle\\Controller\\AsseticController',
  9 => 'Symfony\\Bundle\\FrameworkBundle\\Controller\\ControllerNameParser',
  10 => 'Symfony\\Bundle\\FrameworkBundle\\Controller\\ControllerResolver',
  11 => 'Symfony\\Bundle\\FrameworkBundle\\Controller\\RedirectController',
  12 => 'Symfony\\Bundle\\FrameworkBundle\\Controller\\TemplateController',
  13 => 'Symfony\\Bundle\\TwigBundle\\Controller\\ExceptionController',
  14 => 'Symfony\\Bundle\\TwigBundle\\Controller\\PreviewErrorController',
  15 => 'Symfony\\Bundle\\WebProfilerBundle\\Controller\\ExceptionController',
  16 => 'Symfony\\Bundle\\WebProfilerBundle\\Controller\\ProfilerController',
  17 => 'Symfony\\Bundle\\WebProfilerBundle\\Controller\\RouterController',
);